// Jest Snapshot v1, https://goo.gl/fbAQLP

exports[`Test on <GiffItem /> should print the component 1`] = `
<div
  className="card animate__animated animate__fadeIn"
>
  <img
    alt="Test title"
    src="http://localhost:3000"
  />
  <p>
    Test title
  </p>
</div>
`;
