// Jest Snapshot v1, https://goo.gl/fbAQLP

exports[`Tests on <GiffGrid /> should print the component 1`] = `
<Fragment>
  <h3
    className="animate__animated animate__fadeInDown"
  >
    one punch
  </h3>
  <p>
    Loading...
  </p>
  <div
    className="grid"
  />
</Fragment>
`;
